To honour the JVM settings for this build a single-use Daemon process will be forked. For more on this, please refer to https://docs.gradle.org/8.13/userguide/gradle_daemon.html#sec:disabling_the_daemon in the Gradle documentation.
Daemon will be stopped at the end of the build 

> Configure project :app
>>> CONFIG-DEBUG: project property android.lint.baseline = lint-baseline.xml
>>> CONFIG-DEBUG: rootProject lint-baseline exists = true
>>> CONFIG-DEBUG: module-local app/lint-baseline exists = true

> Task :app:clean
> Task :app:preBuild UP-TO-DATE
> Task :app:preDebugBuild UP-TO-DATE
> Task :app:mergeDebugNativeDebugMetadata NO-SOURCE
> Task :app:checkDebugAarMetadata
> Task :app:processDebugNavigationResources
> Task :app:generateDebugResValues
> Task :app:compileDebugNavigationResources
> Task :app:mapDebugSourceSetPaths
> Task :app:generateDebugResources
> Task :app:packageDebugResources
> Task :app:createDebugCompatibleScreenManifests
> Task :app:extractDeepLinksDebug
> Task :app:parseDebugLocalResources
> Task :app:processDebugMainManifest
> Task :app:mergeDebugResources
> Task :app:processDebugManifest
> Task :app:mergeDebugShaders
> Task :app:compileDebugShaders NO-SOURCE
> Task :app:generateDebugAssets UP-TO-DATE
> Task :app:javaPreCompileDebug
> Task :app:mergeDebugAssets
> Task :app:compressDebugAssets
> Task :app:desugarDebugFileDependencies
> Task :app:mergeDebugJniLibFolders
> Task :app:mergeDebugNativeLibs
> Task :app:checkDebugDuplicateClasses
> Task :app:validateSigningDebug
> Task :app:processDebugManifestForPackage
> Task :app:mergeLibDexDebug
> Task :app:writeDebugAppMetadata

> Task :app:stripDebugDebugSymbols
Unable to strip the following libraries, packaging them as they are: libandroidx.graphics.path.so, libdatastore_shared_counter.so. Run with --info option to learn more.

> Task :app:writeDebugSigningConfigVersions
> Task :app:processDebugResources
> Task :app:l8DexDesugarLibDebug
> Task :app:mergeExtDexDebug
> Task :app:kaptGenerateStubsDebugKotlin
> Task :app:kaptDebugKotlin FAILED

[Incubating] Problems report is available at: file:///C:/Users/caxul/AndroidStudioProjects/Laboratoriodeldolor/build/reports/problems/problems-report.html

Deprecated Gradle features were used in this build, making it incompatible with Gradle 9.0.

You can use '--warning-mode all' to show the individual deprecation warnings and determine if they come from your own scripts or plugins.

For more on this, please refer to https://docs.gradle.org/8.13/userguide/command_line_interface.html#sec:command_line_warnings in the Gradle documentation.
33 actionable tasks: 33 executed
